[main-server] Installing dependencies...
bun install v1.3.10 (30e609e0)
No packages! Deleted empty lockfile

[13.00ms] done
[main-server] Running bun run dev...
$ node /home/z/my-project/.next/standalone/server.js -p 3000
node:internal/modules/cjs/loader:1424
  throw err;
  ^

Error: Cannot find module '/home/z/my-project/.next/standalone/server.js'
    at Module._resolveFilename (node:internal/modules/cjs/loader:1421:15)
    at defaultResolveImpl (node:internal/modules/cjs/loader:1059:19)
    at resolveForCJSWithHooks (node:internal/modules/cjs/loader:1064:22)
    at Module._load (node:internal/modules/cjs/loader:1227:37)
    at TracingChannel.traceSync (node:diagnostics_channel:328:14)
    at wrapModuleLoad (node:internal/modules/cjs/loader:245:24)
    at Module.executeUserEntryPoint [as runMain] (node:internal/modules/run_main:154:5)
    at node:internal/main/run_main_module:33:47 {
  code: 'MODULE_NOT_FOUND',
  requireStack: []
}

Node.js v24.13.0
error: script "dev" exited with code 1
